#
# There is insufficient memory for the Java Runtime Environment to continue.
# Native memory allocation (mmap) failed to map 268435456 bytes. Error detail: G1 virtual space
# Possible reasons:
#   The system is out of physical RAM or swap space
#   This process is running with CompressedOops enabled, and the Java Heap may be blocking the growth of the native heap
# Possible solutions:
#   Reduce memory load on the system
#   Increase physical memory or swap space
#   Check if swap backing store is full
#   Decrease Java heap size (-Xmx/-Xms)
#   Decrease number of Java threads
#   Decrease Java thread stack sizes (-Xss)
#   Set larger code cache with -XX:ReservedCodeCacheSize=
#   JVM is running with Zero Based Compressed Oops mode in which the Java heap is
#     placed in the first 32GB address space. The Java Heap base address is the
#     maximum limit for the native heap growth. Please use -XX:HeapBaseMinAddress
#     to set the Java Heap base and to place the Java Heap above 32GB virtual address.
# This output file may be truncated or incomplete.
#
#  Out of Memory Error (os_windows.cpp:3926), pid=27520, tid=30952
#
# JRE version:  (21.0.10+1) (build )
# Java VM: OpenJDK 64-Bit Server VM (21.0.10+1-b1163.108, mixed mode, sharing, tiered, compressed oops, compressed class ptrs, g1 gc, windows-amd64)
# No core dump will be written. Minidumps are not enabled by default on client versions of Windows
#

---------------  S U M M A R Y ------------

Command Line: git4idea.http.GitAskPassApp Username for 'https://github.com': 

Host: Intel(R) Core(TM) i7-9700F CPU @ 3.00GHz, 8 cores, 15G,  Windows 10 , 64 bit Build 19041 (10.0.19041.5915)
Time: Sat Jun 13 21:05:47 2026 elapsed time: 0.009276 seconds (0d 0h 0m 0s)

---------------  T H R E A D  ---------------

Current thread (0x0000027d3a29f190):  JavaThread "Unknown thread" [_thread_in_vm, id=30952, stack(0x000000d381000000,0x000000d381100000) (1024K)]

Stack: [0x000000d381000000,0x000000d381100000]
Native frames: (J=compiled Java code, j=interpreted, Vv=VM code, C=native code)
V  [jvm.dll+0x6ecf49]
V  [jvm.dll+0x8cbe73]
V  [jvm.dll+0x8ce49e]
V  [jvm.dll+0x8ceb83]
V  [jvm.dll+0x28b776]
V  [jvm.dll+0x6e9725]
V  [jvm.dll+0x6dcdba]
V  [jvm.dll+0x3671cb]
V  [jvm.dll+0x36edb6]
V  [jvm.dll+0x3c1436]
V  [jvm.dll+0x3c1708]
V  [jvm.dll+0x33997c]
V  [jvm.dll+0x33a66b]
V  [jvm.dll+0x894719]
V  [jvm.dll+0x3ce608]
V  [jvm.dll+0x87d658]
V  [jvm.dll+0x46322e]
V  [jvm.dll+0x464f11]
C  [jli.dll+0x52ab]
C  [ucrtbase.dll+0x21bb2]
C  [KERNEL32.DLL+0x17374]
C  [ntdll.dll+0x4cc91]


---------------  P R O C E S S  ---------------

Threads class SMR info:
_java_thread_list=0x00007ffb804352c8, length=0, elements={
}

Java Threads: ( => current thread )
Total: 0

Other Threads:
  0x0000027d3c5928b0 WorkerThread "GC Thread#0"                     [id=3172, stack(0x000000d381100000,0x000000d381200000) (1024K)]
  0x0000027d3c5a37b0 ConcurrentGCThread "G1 Main Marker"            [id=31720, stack(0x000000d381200000,0x000000d381300000) (1024K)]
  0x0000027d3c5a4470 WorkerThread "G1 Conc#0"                       [id=18480, stack(0x000000d381300000,0x000000d381400000) (1024K)]

[error occurred during error reporting (printing all threads), id 0xc0000005, EXCEPTION_ACCESS_VIOLATION (0xc0000005) at pc=0x00007ffb7fb1c9d7]
VM state: not at safepoint (not fully initialized)

VM Mutex/Monitor currently owned by a thread:  ([mutex/lock_event])
[0x00007ffb804a9e20] Heap_lock - owner thread: 0x0000027d3a29f190

Heap address: 0x0000000700e00000, size: 4082 MB, Compressed Oops mode: Zero based, Oop shift amount: 3

CDS archive(s) mapped at: [0x0000000000000000-0x0000000000000000-0x0000000000000000), size 0, SharedBaseAddress: 0x0000000800000000, ArchiveRelocationMode: 1.
Narrow klass base: 0x0000000000000000, Narrow klass shift: 0, Narrow klass range: 0x0

GC Precious Log:
 CardTable entry size: 512
 Card Set container configuration: InlinePtr #cards 4 size 8 Array Of Cards #cards 16 size 48 Howl #buckets 8 coarsen threshold 3686 Howl Bitmap #cards 512 size 80 coarsen threshold 460 Card regions per heap region 1 cards per card region 4096

Heap:
 garbage-first heap   total 0K, used 0K [0x0000000700e00000, 0x0000000800000000)
  region size 2048K, 0 young (0K), 0 survivors (0K)
 Metaspace       used 0K, committed 0K, reserved 0K
  class space    used 0K, committed 0K, reserved 0K

Heap Regions: E=young(eden), S=young(survivor), O=old, HS=humongous(starts), HC=humongous(continues), CS=collection set, F=free, TAMS=top-at-mark-start, PB=parsable bottom

Card table byte_map: [0x0000027d500e0000,0x0000027d508e0000] _byte_map_base: 0x0000027d4c8d9000

Marking Bits: (CMBitMap*) 0x0000027d3c592fc0
 Bits: [0x0000027d508e0000, 0x0000027d548a8000)

GC Heap History (0 events):
No events

Dll operation events (1 events):
Event: 0.005 Loaded shared library D:\IntelliJ IDEA 2025.3.3\jbr\bin\java.dll

Deoptimization events (0 events):
No events

Classes loaded (0 events):
No events

Classes unloaded (0 events):
No events

Classes redefined (0 events):
No events

Internal exceptions (0 events):
No events

ZGC Phase Switch (0 events):
No events

VM Operations (0 events):
No events

Memory protections (0 events):
No events

Nmethod flushes (0 events):
No events

Events (0 events):
No events


Dynamic libraries:
0x00007ff79d410000 - 0x00007ff79d41a000 	D:\IntelliJ IDEA 2025.3.3\jbr\bin\java.exe
0x00007ffc3de90000 - 0x00007ffc3e088000 	C:\WINDOWS\SYSTEM32\ntdll.dll
0x00007ffc3d8e0000 - 0x00007ffc3d9a2000 	C:\WINDOWS\System32\KERNEL32.DLL
0x00007ffc3b710000 - 0x00007ffc3ba06000 	C:\WINDOWS\System32\KERNELBASE.dll
0x00007ffc3b520000 - 0x00007ffc3b620000 	C:\WINDOWS\System32\ucrtbase.dll
0x00007ffc38880000 - 0x00007ffc38898000 	D:\IntelliJ IDEA 2025.3.3\jbr\bin\jli.dll
0x00007ffc36390000 - 0x00007ffc363ab000 	D:\IntelliJ IDEA 2025.3.3\jbr\bin\VCRUNTIME140.dll
0x00007ffc3c400000 - 0x00007ffc3c5a1000 	C:\WINDOWS\System32\USER32.dll
0x00007ffc21310000 - 0x00007ffc215ab000 	C:\WINDOWS\WinSxS\amd64_microsoft.windows.common-controls_6595b64144ccf1df_6.0.19041.6456_none_60b8a6cb71f64256\COMCTL32.dll
0x00007ffc3bbf0000 - 0x00007ffc3bc12000 	C:\WINDOWS\System32\win32u.dll
0x00007ffc3d170000 - 0x00007ffc3d20e000 	C:\WINDOWS\System32\msvcrt.dll
0x00007ffc3c3a0000 - 0x00007ffc3c3cb000 	C:\WINDOWS\System32\GDI32.dll
0x00007ffc3bad0000 - 0x00007ffc3bbe9000 	C:\WINDOWS\System32\gdi32full.dll
0x00007ffc3b620000 - 0x00007ffc3b6bd000 	C:\WINDOWS\System32\msvcp_win.dll
0x00007ffc3c3d0000 - 0x00007ffc3c3ff000 	C:\WINDOWS\System32\IMM32.DLL
0x00007ffc363b0000 - 0x00007ffc363bc000 	D:\IntelliJ IDEA 2025.3.3\jbr\bin\vcruntime140_1.dll
0x00007ffc11890000 - 0x00007ffc1191d000 	D:\IntelliJ IDEA 2025.3.3\jbr\bin\msvcp140.dll
0x00007ffb7f7d0000 - 0x00007ffb8059d000 	D:\IntelliJ IDEA 2025.3.3\jbr\bin\server\jvm.dll
0x00007ffc3c210000 - 0x00007ffc3c2c1000 	C:\WINDOWS\System32\ADVAPI32.dll
0x00007ffc3d790000 - 0x00007ffc3d82f000 	C:\WINDOWS\System32\sechost.dll
0x00007ffc3d040000 - 0x00007ffc3d160000 	C:\WINDOWS\System32\RPCRT4.dll
0x00007ffc3ba10000 - 0x00007ffc3ba37000 	C:\WINDOWS\System32\bcrypt.dll
0x00007ffc3dde0000 - 0x00007ffc3de4b000 	C:\WINDOWS\System32\WS2_32.dll
0x00007ffc3ae20000 - 0x00007ffc3ae6b000 	C:\WINDOWS\SYSTEM32\POWRPROF.dll
0x00007ffc34930000 - 0x00007ffc3493a000 	C:\WINDOWS\SYSTEM32\VERSION.dll
0x00007ffc30d10000 - 0x00007ffc30d37000 	C:\WINDOWS\SYSTEM32\WINMM.dll
0x00007ffc3ae00000 - 0x00007ffc3ae12000 	C:\WINDOWS\SYSTEM32\UMPDC.dll
0x00007ffc39290000 - 0x00007ffc392a2000 	C:\WINDOWS\SYSTEM32\kernel.appcore.dll
0x00007ffc36110000 - 0x00007ffc3611a000 	D:\IntelliJ IDEA 2025.3.3\jbr\bin\jimage.dll
0x00007ffc303b0000 - 0x00007ffc305b1000 	C:\WINDOWS\SYSTEM32\DBGHELP.DLL
0x00007ffc2f8a0000 - 0x00007ffc2f8d4000 	C:\WINDOWS\SYSTEM32\dbgcore.DLL
0x00007ffc3ba40000 - 0x00007ffc3bac2000 	C:\WINDOWS\System32\bcryptPrimitives.dll
0x00007ffc360f0000 - 0x00007ffc36110000 	D:\IntelliJ IDEA 2025.3.3\jbr\bin\java.dll

JVMTI agents: none

dbghelp: loaded successfully - version: 4.0.5 - missing functions: none
symbol engine: initialized successfully - sym options: 0x614 - pdb path: .;D:\IntelliJ IDEA 2025.3.3\jbr\bin;C:\WINDOWS\SYSTEM32;C:\WINDOWS\WinSxS\amd64_microsoft.windows.common-controls_6595b64144ccf1df_6.0.19041.6456_none_60b8a6cb71f64256;D:\IntelliJ IDEA 2025.3.3\jbr\bin\server

VM Arguments:
java_command: git4idea.http.GitAskPassApp Username for 'https://github.com': 
java_class_path (initial): D:/IntelliJ IDEA 2025.3.3/plugins/vcs-git/lib/git4idea-rt.jar;D:/IntelliJ IDEA 2025.3.3/lib/externalProcess-rt.jar
Launcher Type: SUN_STANDARD

[Global flags]
     intx CICompilerCount                          = 4                                         {product} {ergonomic}
     uint ConcGCThreads                            = 2                                         {product} {ergonomic}
     uint G1ConcRefinementThreads                  = 8                                         {product} {ergonomic}
   size_t G1HeapRegionSize                         = 2097152                                   {product} {ergonomic}
    uintx GCDrainStackTargetSize                   = 64                                        {product} {ergonomic}
   size_t InitialHeapSize                          = 268435456                                 {product} {ergonomic}
   size_t MarkStackSize                            = 4194304                                   {product} {ergonomic}
   size_t MaxHeapSize                              = 4280287232                                {product} {ergonomic}
   size_t MinHeapDeltaBytes                        = 2097152                                   {product} {ergonomic}
   size_t MinHeapSize                              = 8388608                                   {product} {ergonomic}
    uintx NonNMethodCodeHeapSize                   = 5839372                                {pd product} {ergonomic}
    uintx NonProfiledCodeHeapSize                  = 122909434                              {pd product} {ergonomic}
    uintx ProfiledCodeHeapSize                     = 122909434                              {pd product} {ergonomic}
    uintx ReservedCodeCacheSize                    = 251658240                              {pd product} {ergonomic}
     bool SegmentedCodeCache                       = true                                      {product} {ergonomic}
   size_t SoftMaxHeapSize                          = 4280287232                             {manageable} {ergonomic}
     bool UseCompressedOops                        = true                           {product lp64_product} {ergonomic}
     bool UseG1GC                                  = true                                      {product} {ergonomic}
     bool UseLargePagesIndividualAllocation        = false                                  {pd product} {ergonomic}

Logging:
Log output configuration:
 #0: stdout all=warning uptime,level,tags foldmultilines=false
 #1: stderr all=off uptime,level,tags foldmultilines=false

Release file:
<release file has not been read>
Environment Variables:
PATH=C:\Program Files\Git\mingw64\libexec\git-core;C:\Program Files\Git\mingw64\libexec\git-core;C:\Program Files\Git\mingw64\bin;C:\Program Files\Git\usr\bin;C:\Users\zxsa9\bin;C:\WINDOWS\system32;C:\WINDOWS;C:\WINDOWS\System32\Wbem;C:\WINDOWS\System32\WindowsPowerShell\v1.0;C:\WINDOWS\System32\OpenSSH;C:\Program Files\NVIDIA Corporation\NVIDIA App\NvDLISR;C:\Program Files (x86)\NVIDIA Corporation\PhysX\Common;C:\Program Files\Git\cmd;C:\Program Files\nodejs;C:\Program Files\Docker\Docker\resources\bin;C:\Program Files\GitHub CLI;C:\Users\zxsa9\AppData\Local\Programs\Python\Python313\Scripts;C:\Users\zxsa9\AppData\Local\Programs\Python\Python313;C:\Users\zxsa9\.local\bin;C:\Users\zxsa9\AppData\Local\Microsoft\WindowsApps;C:\Users\zxsa9\AppData\Local\Programs\Microsoft VS Code\bin;C:\Program Files\Git\usr\bin;C:\ProgramData\zxsa9\GitHubDesktop\bin;D:\IntelliJ IDEA 2025.3.3\bin;C:\Users\zxsa9\AppData\Roaming\npm;C:\Ruby40-x64\bin
USERNAME=zxsa9
DISPLAY=:0.0
LC_ALL=en_US.UTF-8
TERM=xterm-256color
TMPDIR=C:\Users\zxsa9\AppData\Local\Temp
OS=Windows_NT
PROCESSOR_IDENTIFIER=Intel64 Family 6 Model 158 Stepping 13, GenuineIntel
TMP=C:\Users\zxsa9\AppData\Local\Temp
TEMP=C:\Users\zxsa9\AppData\Local\Temp




Periodic native trim disabled

JNI global refs:
JNI global refs: 0, weak refs: 0

JNI global refs memory usage: 0, weak refs: 0

Process memory usage:
Resident Set Size: 11000K (0% of 16713188K total physical memory with 683784K free physical memory)

OOME stack traces (most recent first):
Classloader memory used:

---------------  S Y S T E M  ---------------

OS:
 Windows 10 , 64 bit Build 19041 (10.0.19041.5915)
OS uptime: 2 days 2:05 hours
Hyper-V role detected

CPU: total 8 (initial active 8) (8 cores per cpu, 1 threads per core) family 6 model 158 stepping 13 microcode 0xbe, cx8, cmov, fxsr, mmx, 3dnowpref, sse, sse2, sse3, ssse3, sse4.1, sse4.2, popcnt, lzcnt, tsc, tscinvbit, avx, avx2, aes, erms, clmul, bmi1, bmi2, rtm, adx, fma, vzeroupper, clflush, clflushopt, hv, rdtscp, f16c
Processor Information for the first 8 processors :
  Max Mhz: 3000, Current Mhz: 3000, Mhz Limit: 3000

Memory: 4k page, system-wide physical 16321M (667M free)
TotalPageFile size 32705M (AvailPageFile size 185M)
current process WorkingSet (physical memory assigned to process): 10M, peak: 10M
current process commit charge ("private bytes"): 60M, peak: 316M

vm_info: OpenJDK 64-Bit Server VM (21.0.10+1-b1163.108) for windows-amd64 JRE (21.0.10+1-b1163.108), built on 2026-02-06 by "builduser" with MS VC++ 16.10 / 16.11 (VS2019)

END.
