2026-08-12 21:46:40.101 INFO  [main] com.lucky.LuckyApplication - Starting LuckyApplication using Java 17.0.18 with PID 25992 (C:\Users\zxsa9\Desktop\tiger_lucky\build\classes\java\main started by zxsa9 in C:\Users\zxsa9\Desktop\tiger_lucky)
2026-08-12 21:46:40.104 INFO  [main] com.lucky.LuckyApplication - The following 1 profile is active: "local"
2026-08-12 21:46:40.237 INFO  [background-preinit] o.h.validator.internal.util.Version - HV000001: Hibernate Validator 9.1.0.Final
2026-08-12 21:46:41.204 INFO  [main] o.s.boot.tomcat.TomcatWebServer - Tomcat initialized with port 8080 (http)
2026-08-12 21:46:41.215 INFO  [main] o.a.coyote.http11.Http11NioProtocol - Initializing ProtocolHandler ["http-nio-8080"]
2026-08-12 21:46:41.217 INFO  [main] o.a.catalina.core.StandardService - Starting service [Tomcat]
2026-08-12 21:46:41.217 INFO  [main] o.a.catalina.core.StandardEngine - Starting Servlet engine: [Apache Tomcat/11.0.22]
2026-08-12 21:46:41.265 INFO  [main] o.s.b.w.c.s.WebApplicationContextInitializer - Root WebApplicationContext: initialization completed in 1123 ms
2026-08-12 21:46:41.371 INFO  [main] com.zaxxer.hikari.HikariDataSource - HikariPool-1 - Starting...
2026-08-12 21:46:41.636 INFO  [main] com.zaxxer.hikari.pool.HikariPool - HikariPool-1 - Added connection org.postgresql.jdbc.PgConnection@3b6c2be6
2026-08-12 21:46:41.637 INFO  [main] com.zaxxer.hikari.HikariDataSource - HikariPool-1 - Start completed.
2026-08-12 21:46:42.708 INFO  [main] o.a.coyote.http11.Http11NioProtocol - Starting ProtocolHandler ["http-nio-8080"]
2026-08-12 21:46:42.718 INFO  [main] o.s.boot.tomcat.TomcatWebServer - Tomcat started on port 8080 (http) with context path '/'
2026-08-12 21:46:42.723 INFO  [main] com.lucky.LuckyApplication - Started LuckyApplication in 3.166 seconds (process running for 3.786)
2026-08-12 21:49:40.620 INFO  [http-nio-8080-exec-1] o.a.c.c.C.[Tomcat].[localhost].[/] - Initializing Spring DispatcherServlet 'dispatcherServlet'
2026-08-12 21:49:40.621 INFO  [http-nio-8080-exec-1] o.s.web.servlet.DispatcherServlet - Initializing Servlet 'dispatcherServlet'
2026-08-12 21:49:40.622 INFO  [http-nio-8080-exec-1] o.s.web.servlet.DispatcherServlet - Completed initialization in 1 ms
2026-08-12 21:49:40.641 INFO  [http-nio-8080-exec-1] c.lucky.common.RequestLoggingFilter - 
============================================
[API  ] OPTIONS /api/payments/prepare
[FROM ] ip=0:0:0:0:0:0:0:1  user=anonymous
[PARAM] -
[RESP ] 200  (13ms)
============================================
2026-08-12 21:49:40.653 INFO  [http-nio-8080-exec-2] c.lucky.common.RequestLoggingFilter - 
============================================
[API  ] POST /api/payments/prepare
[FROM ] ip=0:0:0:0:0:0:0:1  user=anonymous
[PARAM] -
[RESP ] 401  (8ms)
============================================
2026-08-12 21:54:15.262 INFO  [http-nio-8080-exec-5] c.lucky.common.RequestLoggingFilter - 
============================================
[API  ] GET /api/results
[FROM ] ip=0:0:0:0:0:0:0:1  user=anonymous
[PARAM] -
[RESP ] 401  (3ms)
============================================
2026-08-12 21:54:15.262 INFO  [http-nio-8080-exec-6] c.lucky.common.RequestLoggingFilter - 
============================================
[API  ] GET /api/saju/history
[FROM ] ip=0:0:0:0:0:0:0:1  user=anonymous
[PARAM] -
[RESP ] 401  (2ms)
============================================
2026-08-12 21:57:41.867 INFO  [http-nio-8080-exec-9] c.lucky.common.RequestLoggingFilter - 
============================================
[API  ] GET /api/results
[FROM ] ip=0:0:0:0:0:0:0:1  user=anonymous
[PARAM] -
[RESP ] 401  (2ms)
============================================
2026-08-12 21:57:41.868 INFO  [http-nio-8080-exec-10] c.lucky.common.RequestLoggingFilter - 
============================================
[API  ] GET /api/saju/history
[FROM ] ip=0:0:0:0:0:0:0:1  user=anonymous
[PARAM] -
[RESP ] 401  (1ms)
============================================
2026-08-12 22:10:17.118 INFO  [http-nio-8080-exec-3] c.lucky.common.RequestLoggingFilter - 
============================================
[API  ] GET /oauth2/authorization/kakao
[FROM ] ip=0:0:0:0:0:0:0:1  user=anonymous
[PARAM] -
[RESP ] 302  (48ms)
============================================
2026-08-12 22:10:17.779 INFO  [http-nio-8080-exec-4] c.lucky.common.RequestLoggingFilter - 
============================================
[API  ] GET /login/oauth2/code/kakao?code=3eMYPA-oab0IosOG2hsDIlwu2126s76b_dY1mv-xG10QCS8OqfLTFQAAAAQKFxJVAAABn_YYXwK2xj-RG-1vuA&state=mJ79ZY7Em5dupdsOk5SUTAiwXEC-UXF1lGCkIg1jDkg%3D
[FROM ] ip=0:0:0:0:0:0:0:1  user=3871730002
[PARAM] code=3eMYPA-oab0IosOG2hsDIlwu2126s76b_dY1mv-xG10QCS8OqfLTFQAAAAQKFxJVAAABn_YYXwK2xj-RG-1vuA, state=mJ79ZY7Em5dupdsOk5SUTAiwXEC-UXF1lGCkIg1jDkg=
[RESP ] 302  (337ms)
============================================
2026-08-12 22:10:22.450 INFO  [http-nio-8080-exec-5] c.lucky.common.RequestLoggingFilter - 
============================================
[API  ] GET /api/results
[FROM ] ip=0:0:0:0:0:0:0:1  user=3871730002
[PARAM] -
[RESP ] 200  (164ms)
============================================
2026-08-12 22:10:22.452 INFO  [http-nio-8080-exec-6] c.lucky.common.RequestLoggingFilter - 
============================================
[API  ] GET /api/saju/history
[FROM ] ip=0:0:0:0:0:0:0:1  user=3871730002
[PARAM] -
[RESP ] 200  (166ms)
============================================
2026-08-12 23:12:08.850 INFO  [http-nio-8080-exec-10] c.lucky.common.RequestLoggingFilter - 
============================================
[API  ] GET /oauth2/authorization/kakao
[FROM ] ip=0:0:0:0:0:0:0:1  user=anonymous
[PARAM] -
[RESP ] 302  (1ms)
============================================
2026-08-12 23:12:09.047 INFO  [http-nio-8080-exec-9] c.lucky.common.RequestLoggingFilter - 
============================================
[API  ] GET /login/oauth2/code/kakao?code=NtKGzFLw0zbJV4CUjuCftUbfscFd1T3GU3s93reP_felMGJCDedEjQAAAAQKDRmQAAABn_ZRAWHo6jj-qNQmaA&state=bDheJKBesCZJ2dV0RPJREZJFX8jxtUrrYP_0I0954MM%3D
[FROM ] ip=0:0:0:0:0:0:0:1  user=3871730002
[PARAM] code=NtKGzFLw0zbJV4CUjuCftUbfscFd1T3GU3s93reP_felMGJCDedEjQAAAAQKDRmQAAABn_ZRAWHo6jj-qNQmaA, state=bDheJKBesCZJ2dV0RPJREZJFX8jxtUrrYP_0I0954MM=
[RESP ] 302  (125ms)
============================================
